// Jest Snapshot v1, https://goo.gl/fbAQLP

exports[`renders correctly 1`] = `
<div
  className="imageBlock"
>
  <img
    onClick={[Function]}
  />
  <div
    className="imageCaption"
  >
    Click image to open expanded view
  </div>
  <ul
    className="imageRow"
  />
</div>
`;
